// Jest Snapshot v1, https://goo.gl/fbAQLP

exports[`Basic rendering should render with required props 1`] = `"<fieldset class=\\"block-editor-responsive-block-control\\"><legend class=\\"block-editor-responsive-block-control__legend\\">Padding</legend><div class=\\"block-editor-responsive-block-control__inner\\"><fieldset><legend>All</legend><input value=\\"All\\"></fieldset><div class=\\"components-base-control components-toggle-control\\"><div class=\\"components-base-control__field\\"><span class=\\"components-form-toggle is-checked\\"><input class=\\"components-form-toggle__input\\" id=\\"inspector-toggle-control-0\\" type=\\"checkbox\\" checked=\\"\\"><span class=\\"components-form-toggle__track\\"></span><span class=\\"components-form-toggle__thumb\\"></span><svg class=\\"components-form-toggle__on\\" width=\\"2\\" height=\\"6\\" xmlns=\\"http://www.w3.org/2000/svg\\" viewBox=\\"0 0 2 6\\" role=\\"img\\" aria-hidden=\\"true\\" focusable=\\"false\\"><path d=\\"M0 0h2v6H0z\\"></path></svg></span><label for=\\"inspector-toggle-control-0\\" class=\\"components-toggle-control__label\\">Use the same padding on all screensizes.</label></div></div></div></fieldset>"`;
